==================================================================
 AtmosLink 1.0 LTS — Auditoría de migración
==================================================================

[1] Contexto resuelto actualmente
error: ModuleNotFoundError: No module named 'weather_station'

[2] Variables ATMOSLINK de los servicios
weather-logger.service: Environment=PATH=/home/carlos/Proyectos/EstacionMeteorologica/venv/bin:/usr/local/sbin:/usr/local/bin:/usr/sbin:/usr/bin:/sbin:/bin ATMOSLINK_STATION=CU01 PYTHONUNBUFFERED=1 ATMOSLINK_WIND_ENABLED=0 ATMOSLINK_WIND_PORT=/dev/serial/by-id/usb-1a86_USB_Serial-if00-port0 ATMOSLINK_WIND_BAUDRATE=9600 ATMOSLINK_WIND_SLAVE_ID=1 ATMOSLINK_WIND_TIMEOUT=2.0
atmoslink-dashboard.service: Environment=ATMOSLINK_STATION=CU01 ATMOSLINK_WIND_ENABLED=0 PYTHONUNBUFFERED=1
atmoslink-scheduler.service: Environment=PATH=/home/carlos/Proyectos/EstacionMeteorologica/venv/bin:/usr/local/sbin:/usr/local/bin:/usr/sbin:/usr/bin:/sbin:/bin ATMOSLINK_STATION=CU01 PYTHONUNBUFFERED=1

[3] Bases SQLite
SQLite/CU01/weather_local.db | 63934464 bytes | integridad=ok
SQLite/SJ01/weather_local.db | 12288 bytes | integridad=ok
SQLite/archive/propagation_physics_synthetic_2026-07-26.db | 1863680 bytes | integridad=ok
SQLite/global_master.db | 21934080 bytes | integridad=ok
SQLite/propagation_physics.db | 1863680 bytes | integridad=ok
SQLite/propagation_physics_field.db | 1863680 bytes | integridad=ok
SQLite/simulation/propagation_test_source.db | 667648 bytes | integridad=ok
SQLite/weather_local.db | 24276992 bytes | integridad=ok
SQLite/weather_local_sj01.db | 12288 bytes | integridad=ok

[4] Hallazgos de código
Rutas SQLite antiguas: 3
Identificadores antiguos: 9
Asignaciones fijas de bases: 1

[5] Evaluación preliminar
ERROR: station_manager no resuelve CU01. Devuelve: 
ERROR: base activa incorrecta. Devuelve: 

Informe JSON:
/home/carlos/Proyectos/EstacionMeteorologica/reports/migration/lts_audit_20260726_172200.json
==================================================================
